Archive member included to satisfy reference by file (symbol)

/usr/lib/gcc/arm-none-eabi/5.4.1/armv6-m/libgcc.a(_divsi3.o)
                              serial.o (__aeabi_idiv)
/usr/lib/gcc/arm-none-eabi/5.4.1/armv6-m/libgcc.a(_dvmd_tls.o)
                              /usr/lib/gcc/arm-none-eabi/5.4.1/armv6-m/libgcc.a(_divsi3.o) (__aeabi_idiv0)

Allocating common symbols
Common symbol       size              file

ComError            0x4               serial.o
ComRXBuffer         0x4c              serial.o
ComTXBuffer         0x4c              serial.o
ComOpen             0x4               serial.o
ComBusy             0x4               serial.o

Memory Configuration

Name             Origin             Length             Attributes
flash            0x0000000008000000 0x0000000000008000
ram              0x0000000020000000 0x0000000000001800
*default*        0x0000000000000000 0xffffffffffffffff

Linker script and memory map

LOAD init.o
LOAD serial.o
LOAD spi.o
LOAD main.o
LOAD /usr/lib/gcc/arm-none-eabi/5.4.1/armv6-m/libgcc.a
                0x0000000008000000                . = ORIGIN (flash)

.text           0x0000000008000000      0xd50
 *(.vectors)
 .vectors       0x0000000008000000       0xc0 init.o
                0x0000000008000000                Vectors
 *(.text)
 .text          0x00000000080000c0       0x7c init.o
                0x00000000080000c0                Default_Handler
                0x00000000080000c8                init
 .text          0x000000000800013c      0x5ac serial.o
                0x000000000800013c                ReadCom
                0x00000000080001b0                WriteCom
                0x000000000800024c                initUART
                0x00000000080003c0                isr_usart2
                0x00000000080003ec                usart_rx
                0x000000000800041c                usart_tx
                0x0000000008000494                usart_tx_busy
                0x00000000080004c4                PutBuf
                0x0000000008000524                GetBuf
                0x0000000008000578                GetBufCount
                0x000000000800058c                eputs
                0x00000000080005c8                egets
                0x0000000008000658                HexDigit
                0x0000000008000688                printHex
 .text          0x00000000080006e8      0x10c spi.o
                0x00000000080006e8                initSPI
                0x00000000080007ac                writeSPI
 .text          0x00000000080007f4      0x384 main.o
                0x00000000080007f4                delay
                0x0000000008000810                configPins
                0x0000000008000848                writeWS2812B
                0x000000000800097c                getRainbow
                0x0000000008000a74                initClock
                0x0000000008000b1c                main
 .text          0x0000000008000b78      0x1d4 /usr/lib/gcc/arm-none-eabi/5.4.1/armv6-m/libgcc.a(_divsi3.o)
                0x0000000008000b78                __aeabi_idiv
                0x0000000008000b78                __divsi3
                0x0000000008000d44                __aeabi_idivmod
 .text          0x0000000008000d4c        0x4 /usr/lib/gcc/arm-none-eabi/5.4.1/armv6-m/libgcc.a(_dvmd_tls.o)
                0x0000000008000d4c                __aeabi_ldiv0
                0x0000000008000d4c                __aeabi_idiv0

.glue_7         0x0000000008000d50        0x0
 .glue_7        0x0000000008000d50        0x0 linker stubs

.glue_7t        0x0000000008000d50        0x0
 .glue_7t       0x0000000008000d50        0x0 linker stubs

.vfp11_veneer   0x0000000008000d50        0x0
 .vfp11_veneer  0x0000000008000d50        0x0 linker stubs

.v4_bx          0x0000000008000d50        0x0
 .v4_bx         0x0000000008000d50        0x0 linker stubs

.iplt           0x0000000008000d50        0x0
 .iplt          0x0000000008000d50        0x0 init.o

.rel.dyn        0x0000000008000d50        0x0
 .rel.iplt      0x0000000008000d50        0x0 init.o

.rodata         0x0000000008000d50       0x18
 .rodata        0x0000000008000d50       0x18 main.o
                0x0000000020000000                . = ORIGIN (ram)

.data           0x0000000020000000        0x4 load address 0x0000000008000d68
                0x0000000008000d68                INIT_DATA_VALUES = LOADADDR (.data)
                0x0000000020000000                INIT_DATA_START = .
 *(.data)
 .data          0x0000000020000000        0x0 init.o
 .data          0x0000000020000000        0x0 serial.o
 .data          0x0000000020000000        0x0 spi.o
 .data          0x0000000020000000        0x4 main.o
 .data          0x0000000020000004        0x0 /usr/lib/gcc/arm-none-eabi/5.4.1/armv6-m/libgcc.a(_divsi3.o)
 .data          0x0000000020000004        0x0 /usr/lib/gcc/arm-none-eabi/5.4.1/armv6-m/libgcc.a(_dvmd_tls.o)
                0x0000000020000004                INIT_DATA_END = .
                0x0000000020000004                BSS_START = .

.igot.plt       0x0000000020000004        0x0 load address 0x0000000008000d6c
 .igot.plt      0x0000000020000004        0x0 init.o

.bss            0x0000000020000004       0xb0 load address 0x0000000008000d6c
 *(.bss)
 .bss           0x0000000020000004        0x0 init.o
 .bss           0x0000000020000004        0x0 serial.o
 .bss           0x0000000020000004        0x0 spi.o
 .bss           0x0000000020000004        0xc main.o
 .bss           0x0000000020000010        0x0 /usr/lib/gcc/arm-none-eabi/5.4.1/armv6-m/libgcc.a(_divsi3.o)
 .bss           0x0000000020000010        0x0 /usr/lib/gcc/arm-none-eabi/5.4.1/armv6-m/libgcc.a(_dvmd_tls.o)
 COMMON         0x0000000020000010       0xa4 serial.o
                0x0000000020000010                ComError
                0x0000000020000014                ComRXBuffer
                0x0000000020000060                ComTXBuffer
                0x00000000200000ac                ComOpen
                0x00000000200000b0                ComBusy
                0x00000000200000b4                BSS_END = .
OUTPUT(main.elf elf32-littlearm)

.debug_info     0x0000000000000000      0x878
 .debug_info    0x0000000000000000       0xf1 init.o
 .debug_info    0x00000000000000f1      0x394 serial.o
 .debug_info    0x0000000000000485       0xcb spi.o
 .debug_info    0x0000000000000550      0x1b6 main.o
 .debug_info    0x0000000000000706       0xb9 /usr/lib/gcc/arm-none-eabi/5.4.1/armv6-m/libgcc.a(_divsi3.o)
 .debug_info    0x00000000000007bf       0xb9 /usr/lib/gcc/arm-none-eabi/5.4.1/armv6-m/libgcc.a(_dvmd_tls.o)

.debug_abbrev   0x0000000000000000      0x3ae
 .debug_abbrev  0x0000000000000000       0xb1 init.o
 .debug_abbrev  0x00000000000000b1      0x155 serial.o
 .debug_abbrev  0x0000000000000206       0x7f spi.o
 .debug_abbrev  0x0000000000000285      0x101 main.o
 .debug_abbrev  0x0000000000000386       0x14 /usr/lib/gcc/arm-none-eabi/5.4.1/armv6-m/libgcc.a(_divsi3.o)
 .debug_abbrev  0x000000000000039a       0x14 /usr/lib/gcc/arm-none-eabi/5.4.1/armv6-m/libgcc.a(_dvmd_tls.o)

.debug_aranges  0x0000000000000000       0xc0
 .debug_aranges
                0x0000000000000000       0x20 init.o
 .debug_aranges
                0x0000000000000020       0x20 serial.o
 .debug_aranges
                0x0000000000000040       0x20 spi.o
 .debug_aranges
                0x0000000000000060       0x20 main.o
 .debug_aranges
                0x0000000000000080       0x20 /usr/lib/gcc/arm-none-eabi/5.4.1/armv6-m/libgcc.a(_divsi3.o)
 .debug_aranges
                0x00000000000000a0       0x20 /usr/lib/gcc/arm-none-eabi/5.4.1/armv6-m/libgcc.a(_dvmd_tls.o)

.debug_line     0x0000000000000000      0x3ea
 .debug_line    0x0000000000000000       0x4a init.o
 .debug_line    0x000000000000004a      0x102 serial.o
 .debug_line    0x000000000000014c       0xa3 spi.o
 .debug_line    0x00000000000001ef      0x12c main.o
 .debug_line    0x000000000000031b       0x71 /usr/lib/gcc/arm-none-eabi/5.4.1/armv6-m/libgcc.a(_divsi3.o)
 .debug_line    0x000000000000038c       0x5e /usr/lib/gcc/arm-none-eabi/5.4.1/armv6-m/libgcc.a(_dvmd_tls.o)

.debug_str      0x0000000000000000      0x2ff
 .debug_str     0x0000000000000000      0x11a init.o
                                        0x127 (size before relaxing)
 .debug_str     0x000000000000011a      0x10a serial.o
                                        0x1e8 (size before relaxing)
 .debug_str     0x0000000000000224       0x6e spi.o
                                        0x151 (size before relaxing)
 .debug_str     0x0000000000000292       0x6d main.o
                                        0x1ba (size before relaxing)

.comment        0x0000000000000000       0x2b
 .comment       0x0000000000000000       0x2b init.o
                                         0x2c (size before relaxing)
 .comment       0x000000000000002b       0x2c serial.o
 .comment       0x000000000000002b       0x2c spi.o
 .comment       0x000000000000002b       0x2c main.o

.ARM.attributes
                0x0000000000000000       0x31
 .ARM.attributes
                0x0000000000000000       0x31 init.o
 .ARM.attributes
                0x0000000000000031       0x31 serial.o
 .ARM.attributes
                0x0000000000000062       0x31 spi.o
 .ARM.attributes
                0x0000000000000093       0x31 main.o
 .ARM.attributes
                0x00000000000000c4       0x1e /usr/lib/gcc/arm-none-eabi/5.4.1/armv6-m/libgcc.a(_divsi3.o)
 .ARM.attributes
                0x00000000000000e2       0x1e /usr/lib/gcc/arm-none-eabi/5.4.1/armv6-m/libgcc.a(_dvmd_tls.o)

.debug_frame    0x0000000000000000      0x33c
 .debug_frame   0x0000000000000000       0x4c init.o
 .debug_frame   0x000000000000004c      0x1c4 serial.o
 .debug_frame   0x0000000000000210       0x4c spi.o
 .debug_frame   0x000000000000025c       0xc0 main.o
 .debug_frame   0x000000000000031c       0x20 /usr/lib/gcc/arm-none-eabi/5.4.1/armv6-m/libgcc.a(_divsi3.o)

Cross Reference Table

Symbol                                            File
BSS_END                                           init.o
BSS_START                                         init.o
ComBusy                                           serial.o
ComError                                          serial.o
ComOpen                                           serial.o
ComRXBuffer                                       serial.o
ComTXBuffer                                       serial.o
Default_Handler                                   init.o
GetBuf                                            serial.o
GetBufCount                                       serial.o
HexDigit                                          serial.o
INIT_DATA_END                                     init.o
INIT_DATA_START                                   init.o
INIT_DATA_VALUES                                  init.o
PutBuf                                            serial.o
ReadCom                                           serial.o
Vectors                                           init.o
WriteCom                                          serial.o
__aeabi_idiv                                      /usr/lib/gcc/arm-none-eabi/5.4.1/armv6-m/libgcc.a(_divsi3.o)
                                                  serial.o
__aeabi_idiv0                                     /usr/lib/gcc/arm-none-eabi/5.4.1/armv6-m/libgcc.a(_dvmd_tls.o)
                                                  /usr/lib/gcc/arm-none-eabi/5.4.1/armv6-m/libgcc.a(_divsi3.o)
__aeabi_idivmod                                   /usr/lib/gcc/arm-none-eabi/5.4.1/armv6-m/libgcc.a(_divsi3.o)
__aeabi_ldiv0                                     /usr/lib/gcc/arm-none-eabi/5.4.1/armv6-m/libgcc.a(_dvmd_tls.o)
__divsi3                                          /usr/lib/gcc/arm-none-eabi/5.4.1/armv6-m/libgcc.a(_divsi3.o)
configPins                                        main.o
delay                                             main.o
egets                                             serial.o
eputs                                             serial.o
getRainbow                                        main.o
init                                              init.o
initClock                                         main.o
initSPI                                           spi.o
                                                  main.o
initUART                                          serial.o
                                                  main.o
isr_usart2                                        serial.o
                                                  init.o
main                                              main.o
                                                  init.o
printHex                                          serial.o
usart_rx                                          serial.o
usart_tx                                          serial.o
usart_tx_busy                                     serial.o
writeSPI                                          spi.o
                                                  main.o
writeWS2812B                                      main.o
