Archive member included to satisfy reference by file (symbol)

/usr/lib/gcc/arm-none-eabi/5.4.1/armv6-m/libgcc.a(_divsi3.o)
                              serial.o (__aeabi_idiv)
/usr/lib/gcc/arm-none-eabi/5.4.1/armv6-m/libgcc.a(_dvmd_tls.o)
                              /usr/lib/gcc/arm-none-eabi/5.4.1/armv6-m/libgcc.a(_divsi3.o) (__aeabi_idiv0)

Allocating common symbols
Common symbol       size              file

ComError            0x4               serial.o
ComRXBuffer         0x4c              serial.o
ComTXBuffer         0x4c              serial.o
ComOpen             0x4               serial.o
ComBusy             0x4               serial.o

Memory Configuration

Name             Origin             Length             Attributes
flash            0x0000000008000000 0x0000000000008000
ram              0x0000000020000000 0x0000000000001800
*default*        0x0000000000000000 0xffffffffffffffff

Linker script and memory map

LOAD init.o
LOAD serial.o
LOAD spi.o
LOAD main.o
LOAD /usr/lib/gcc/arm-none-eabi/5.4.1/armv6-m/libgcc.a
                0x0000000008000000                . = ORIGIN (flash)

.text           0x0000000008000000      0xe60
 *(.vectors)
 .vectors       0x0000000008000000       0xc0 init.o
                0x0000000008000000                Vectors
 *(.text)
 .text          0x00000000080000c0      0x124 init.o
                0x00000000080000c0                Default_Handler
                0x00000000080000c8                initClock
                0x0000000008000170                init
 .text          0x00000000080001e4      0x5ac serial.o
                0x00000000080001e4                ReadCom
                0x0000000008000258                WriteCom
                0x00000000080002f4                initUART
                0x0000000008000468                isr_usart2
                0x0000000008000494                usart_rx
                0x00000000080004c4                usart_tx
                0x000000000800053c                usart_tx_busy
                0x000000000800056c                PutBuf
                0x00000000080005cc                GetBuf
                0x0000000008000620                GetBufCount
                0x0000000008000634                eputs
                0x0000000008000670                egets
                0x0000000008000700                HexDigit
                0x0000000008000730                printHex
 .text          0x0000000008000790      0x10c spi.o
                0x0000000008000790                initSPI
                0x0000000008000854                writeSPI
 .text          0x000000000800089c      0x3ec main.o
                0x000000000800089c                initClock2
                0x0000000008000944                initThings
                0x00000000080009b8                delay
                0x00000000080009d4                configPins
                0x0000000008000a0c                writeWS2812B
                0x0000000008000b4c                getRainbow
                0x0000000008000c44                main
 .text          0x0000000008000c88      0x1d4 /usr/lib/gcc/arm-none-eabi/5.4.1/armv6-m/libgcc.a(_divsi3.o)
                0x0000000008000c88                __aeabi_idiv
                0x0000000008000c88                __divsi3
                0x0000000008000e54                __aeabi_idivmod
 .text          0x0000000008000e5c        0x4 /usr/lib/gcc/arm-none-eabi/5.4.1/armv6-m/libgcc.a(_dvmd_tls.o)
                0x0000000008000e5c                __aeabi_ldiv0
                0x0000000008000e5c                __aeabi_idiv0

.glue_7         0x0000000008000e60        0x0
 .glue_7        0x0000000008000e60        0x0 linker stubs

.glue_7t        0x0000000008000e60        0x0
 .glue_7t       0x0000000008000e60        0x0 linker stubs

.vfp11_veneer   0x0000000008000e60        0x0
 .vfp11_veneer  0x0000000008000e60        0x0 linker stubs

.v4_bx          0x0000000008000e60        0x0
 .v4_bx         0x0000000008000e60        0x0 linker stubs

.iplt           0x0000000008000e60        0x0
 .iplt          0x0000000008000e60        0x0 init.o

.rel.dyn        0x0000000008000e60        0x0
 .rel.iplt      0x0000000008000e60        0x0 init.o

.rodata         0x0000000008000e60       0x18
 .rodata        0x0000000008000e60       0x18 main.o
                0x0000000020000000                . = ORIGIN (ram)

.data           0x0000000020000000        0x4 load address 0x0000000008000e78
                0x0000000008000e78                INIT_DATA_VALUES = LOADADDR (.data)
                0x0000000020000000                INIT_DATA_START = .
 *(.data)
 .data          0x0000000020000000        0x0 init.o
 .data          0x0000000020000000        0x0 serial.o
 .data          0x0000000020000000        0x0 spi.o
 .data          0x0000000020000000        0x4 main.o
 .data          0x0000000020000004        0x0 /usr/lib/gcc/arm-none-eabi/5.4.1/armv6-m/libgcc.a(_divsi3.o)
 .data          0x0000000020000004        0x0 /usr/lib/gcc/arm-none-eabi/5.4.1/armv6-m/libgcc.a(_dvmd_tls.o)
                0x0000000020000004                INIT_DATA_END = .
                0x0000000020000004                BSS_START = .

.igot.plt       0x0000000020000004        0x0 load address 0x0000000008000e7c
 .igot.plt      0x0000000020000004        0x0 init.o

.bss            0x0000000020000004       0xb0 load address 0x0000000008000e7c
 *(.bss)
 .bss           0x0000000020000004        0x0 init.o
 .bss           0x0000000020000004        0x0 serial.o
 .bss           0x0000000020000004        0x0 spi.o
 .bss           0x0000000020000004        0xc main.o
 .bss           0x0000000020000010        0x0 /usr/lib/gcc/arm-none-eabi/5.4.1/armv6-m/libgcc.a(_divsi3.o)
 .bss           0x0000000020000010        0x0 /usr/lib/gcc/arm-none-eabi/5.4.1/armv6-m/libgcc.a(_dvmd_tls.o)
 COMMON         0x0000000020000010       0xa4 serial.o
                0x0000000020000010                ComError
                0x0000000020000014                ComRXBuffer
                0x0000000020000060                ComTXBuffer
                0x00000000200000ac                ComOpen
                0x00000000200000b0                ComBusy
                0x00000000200000b4                BSS_END = .
OUTPUT(main.elf elf32-littlearm)

.debug_info     0x0000000000000000      0x906
 .debug_info    0x0000000000000000      0x102 init.o
 .debug_info    0x0000000000000102      0x394 serial.o
 .debug_info    0x0000000000000496       0xcb spi.o
 .debug_info    0x0000000000000561      0x233 main.o
 .debug_info    0x0000000000000794       0xb9 /usr/lib/gcc/arm-none-eabi/5.4.1/armv6-m/libgcc.a(_divsi3.o)
 .debug_info    0x000000000000084d       0xb9 /usr/lib/gcc/arm-none-eabi/5.4.1/armv6-m/libgcc.a(_dvmd_tls.o)

.debug_abbrev   0x0000000000000000      0x3f6
 .debug_abbrev  0x0000000000000000       0xc7 init.o
 .debug_abbrev  0x00000000000000c7      0x155 serial.o
 .debug_abbrev  0x000000000000021c       0x7f spi.o
 .debug_abbrev  0x000000000000029b      0x133 main.o
 .debug_abbrev  0x00000000000003ce       0x14 /usr/lib/gcc/arm-none-eabi/5.4.1/armv6-m/libgcc.a(_divsi3.o)
 .debug_abbrev  0x00000000000003e2       0x14 /usr/lib/gcc/arm-none-eabi/5.4.1/armv6-m/libgcc.a(_dvmd_tls.o)

.debug_aranges  0x0000000000000000       0xc0
 .debug_aranges
                0x0000000000000000       0x20 init.o
 .debug_aranges
                0x0000000000000020       0x20 serial.o
 .debug_aranges
                0x0000000000000040       0x20 spi.o
 .debug_aranges
                0x0000000000000060       0x20 main.o
 .debug_aranges
                0x0000000000000080       0x20 /usr/lib/gcc/arm-none-eabi/5.4.1/armv6-m/libgcc.a(_divsi3.o)
 .debug_aranges
                0x00000000000000a0       0x20 /usr/lib/gcc/arm-none-eabi/5.4.1/armv6-m/libgcc.a(_dvmd_tls.o)

.debug_line     0x0000000000000000      0x409
 .debug_line    0x0000000000000000       0x60 init.o
 .debug_line    0x0000000000000060      0x102 serial.o
 .debug_line    0x0000000000000162       0xa3 spi.o
 .debug_line    0x0000000000000205      0x135 main.o
 .debug_line    0x000000000000033a       0x71 /usr/lib/gcc/arm-none-eabi/5.4.1/armv6-m/libgcc.a(_divsi3.o)
 .debug_line    0x00000000000003ab       0x5e /usr/lib/gcc/arm-none-eabi/5.4.1/armv6-m/libgcc.a(_dvmd_tls.o)

.debug_str      0x0000000000000000      0x315
 .debug_str     0x0000000000000000      0x124 init.o
                                        0x131 (size before relaxing)
 .debug_str     0x0000000000000124      0x10a serial.o
                                        0x1e8 (size before relaxing)
 .debug_str     0x000000000000022e       0x6e spi.o
                                        0x151 (size before relaxing)
 .debug_str     0x000000000000029c       0x79 main.o
                                        0x20c (size before relaxing)

.comment        0x0000000000000000       0x2b
 .comment       0x0000000000000000       0x2b init.o
                                         0x2c (size before relaxing)
 .comment       0x000000000000002b       0x2c serial.o
 .comment       0x000000000000002b       0x2c spi.o
 .comment       0x000000000000002b       0x2c main.o

.ARM.attributes
                0x0000000000000000       0x31
 .ARM.attributes
                0x0000000000000000       0x31 init.o
 .ARM.attributes
                0x0000000000000031       0x31 serial.o
 .ARM.attributes
                0x0000000000000062       0x31 spi.o
 .ARM.attributes
                0x0000000000000093       0x31 main.o
 .ARM.attributes
                0x00000000000000c4       0x1e /usr/lib/gcc/arm-none-eabi/5.4.1/armv6-m/libgcc.a(_divsi3.o)
 .ARM.attributes
                0x00000000000000e2       0x1e /usr/lib/gcc/arm-none-eabi/5.4.1/armv6-m/libgcc.a(_dvmd_tls.o)

.debug_frame    0x0000000000000000      0x378
 .debug_frame   0x0000000000000000       0x68 init.o
 .debug_frame   0x0000000000000068      0x1c4 serial.o
 .debug_frame   0x000000000000022c       0x4c spi.o
 .debug_frame   0x0000000000000278       0xe0 main.o
 .debug_frame   0x0000000000000358       0x20 /usr/lib/gcc/arm-none-eabi/5.4.1/armv6-m/libgcc.a(_divsi3.o)

Cross Reference Table

Symbol                                            File
BSS_END                                           main.o
                                                  init.o
BSS_START                                         main.o
                                                  init.o
ComBusy                                           serial.o
ComError                                          serial.o
ComOpen                                           serial.o
ComRXBuffer                                       serial.o
ComTXBuffer                                       serial.o
Default_Handler                                   init.o
GetBuf                                            serial.o
GetBufCount                                       serial.o
HexDigit                                          serial.o
INIT_DATA_END                                     main.o
                                                  init.o
INIT_DATA_START                                   main.o
                                                  init.o
INIT_DATA_VALUES                                  main.o
                                                  init.o
PutBuf                                            serial.o
ReadCom                                           serial.o
Vectors                                           init.o
WriteCom                                          serial.o
__aeabi_idiv                                      /usr/lib/gcc/arm-none-eabi/5.4.1/armv6-m/libgcc.a(_divsi3.o)
                                                  serial.o
__aeabi_idiv0                                     /usr/lib/gcc/arm-none-eabi/5.4.1/armv6-m/libgcc.a(_dvmd_tls.o)
                                                  /usr/lib/gcc/arm-none-eabi/5.4.1/armv6-m/libgcc.a(_divsi3.o)
__aeabi_idivmod                                   /usr/lib/gcc/arm-none-eabi/5.4.1/armv6-m/libgcc.a(_divsi3.o)
__aeabi_ldiv0                                     /usr/lib/gcc/arm-none-eabi/5.4.1/armv6-m/libgcc.a(_dvmd_tls.o)
__divsi3                                          /usr/lib/gcc/arm-none-eabi/5.4.1/armv6-m/libgcc.a(_divsi3.o)
configPins                                        main.o
delay                                             main.o
egets                                             serial.o
eputs                                             serial.o
getRainbow                                        main.o
init                                              init.o
initClock                                         init.o
initClock2                                        main.o
initSPI                                           spi.o
                                                  main.o
initThings                                        main.o
initUART                                          serial.o
isr_usart2                                        serial.o
                                                  init.o
main                                              main.o
printHex                                          serial.o
usart_rx                                          serial.o
usart_tx                                          serial.o
usart_tx_busy                                     serial.o
writeSPI                                          spi.o
                                                  main.o
writeWS2812B                                      main.o
