Archive member included to satisfy reference by file (symbol)

/usr/lib/gcc/arm-none-eabi/5.4.1/armv6-m/libgcc.a(_divsi3.o)
                              serial.o (__aeabi_idiv)
/usr/lib/gcc/arm-none-eabi/5.4.1/armv6-m/libgcc.a(_dvmd_tls.o)
                              /usr/lib/gcc/arm-none-eabi/5.4.1/armv6-m/libgcc.a(_divsi3.o) (__aeabi_idiv0)

Allocating common symbols
Common symbol       size              file

ComError            0x4               serial.o
ComRXBuffer         0x4c              serial.o
ComTXBuffer         0x4c              serial.o
ComOpen             0x4               serial.o
ComBusy             0x4               serial.o

Memory Configuration

Name             Origin             Length             Attributes
flash            0x0000000008000000 0x0000000000008000
ram              0x0000000020000000 0x0000000000001800
*default*        0x0000000000000000 0xffffffffffffffff

Linker script and memory map

LOAD init.o
LOAD serial.o
LOAD spi.o
LOAD main.o
LOAD /usr/lib/gcc/arm-none-eabi/5.4.1/armv6-m/libgcc.a
                0x0000000008000000                . = ORIGIN (flash)

.text           0x0000000008000000      0xd5c
 *(.vectors)
 .vectors       0x0000000008000000       0xc0 init.o
                0x0000000008000000                Vectors
 *(.text)
 .text          0x00000000080000c0      0x120 init.o
                0x00000000080000c0                initClock
                0x0000000008000160                init
                0x00000000080001d8                Default_Handler
 .text          0x00000000080001e0      0x5ac serial.o
                0x00000000080001e0                ReadCom
                0x0000000008000254                WriteCom
                0x00000000080002f0                initUART
                0x0000000008000464                isr_usart2
                0x0000000008000490                usart_rx
                0x00000000080004c0                usart_tx
                0x0000000008000538                usart_tx_busy
                0x0000000008000568                PutBuf
                0x00000000080005c8                GetBuf
                0x000000000800061c                GetBufCount
                0x0000000008000630                eputs
                0x000000000800066c                egets
                0x00000000080006fc                HexDigit
                0x000000000800072c                printHex
 .text          0x000000000800078c      0x10c spi.o
                0x000000000800078c                initSPI
                0x0000000008000850                writeSPI
 .text          0x0000000008000898      0x2ec main.o
                0x0000000008000898                delay
                0x00000000080008b4                configPins
                0x00000000080008ec                writeWS2812B
                0x0000000008000a2c                getRainbow
                0x0000000008000b24                main
 .text          0x0000000008000b84      0x1d4 /usr/lib/gcc/arm-none-eabi/5.4.1/armv6-m/libgcc.a(_divsi3.o)
                0x0000000008000b84                __aeabi_idiv
                0x0000000008000b84                __divsi3
                0x0000000008000d50                __aeabi_idivmod
 .text          0x0000000008000d58        0x4 /usr/lib/gcc/arm-none-eabi/5.4.1/armv6-m/libgcc.a(_dvmd_tls.o)
                0x0000000008000d58                __aeabi_ldiv0
                0x0000000008000d58                __aeabi_idiv0

.glue_7         0x0000000008000d5c        0x0
 .glue_7        0x0000000008000d5c        0x0 linker stubs

.glue_7t        0x0000000008000d5c        0x0
 .glue_7t       0x0000000008000d5c        0x0 linker stubs

.vfp11_veneer   0x0000000008000d5c        0x0
 .vfp11_veneer  0x0000000008000d5c        0x0 linker stubs

.v4_bx          0x0000000008000d5c        0x0
 .v4_bx         0x0000000008000d5c        0x0 linker stubs

.iplt           0x0000000008000d5c        0x0
 .iplt          0x0000000008000d5c        0x0 init.o

.rel.dyn        0x0000000008000d5c        0x0
 .rel.iplt      0x0000000008000d5c        0x0 init.o

.rodata         0x0000000008000d5c       0x18
 .rodata        0x0000000008000d5c       0x18 main.o
                0x0000000020000000                . = ORIGIN (ram)

.data           0x0000000020000000        0x4 load address 0x0000000008000d74
                0x0000000008000d74                INIT_DATA_VALUES = LOADADDR (.data)
                0x0000000020000000                INIT_DATA_START = .
 *(.data)
 .data          0x0000000020000000        0x0 init.o
 .data          0x0000000020000000        0x0 serial.o
 .data          0x0000000020000000        0x0 spi.o
 .data          0x0000000020000000        0x4 main.o
 .data          0x0000000020000004        0x0 /usr/lib/gcc/arm-none-eabi/5.4.1/armv6-m/libgcc.a(_divsi3.o)
 .data          0x0000000020000004        0x0 /usr/lib/gcc/arm-none-eabi/5.4.1/armv6-m/libgcc.a(_dvmd_tls.o)
                0x0000000020000004                INIT_DATA_END = .
                0x0000000020000004                BSS_START = .

.igot.plt       0x0000000020000004        0x0 load address 0x0000000008000d78
 .igot.plt      0x0000000020000004        0x0 init.o

.bss            0x0000000020000004       0xb0 load address 0x0000000008000d78
 *(.bss)
 .bss           0x0000000020000004        0x0 init.o
 .bss           0x0000000020000004        0x0 serial.o
 .bss           0x0000000020000004        0x0 spi.o
 .bss           0x0000000020000004        0xc main.o
 .bss           0x0000000020000010        0x0 /usr/lib/gcc/arm-none-eabi/5.4.1/armv6-m/libgcc.a(_divsi3.o)
 .bss           0x0000000020000010        0x0 /usr/lib/gcc/arm-none-eabi/5.4.1/armv6-m/libgcc.a(_dvmd_tls.o)
 COMMON         0x0000000020000010       0xa4 serial.o
                0x0000000020000010                ComError
                0x0000000020000014                ComRXBuffer
                0x0000000020000060                ComTXBuffer
                0x00000000200000ac                ComOpen
                0x00000000200000b0                ComBusy
                0x00000000200000b4                BSS_END = .
OUTPUT(main.elf elf32-littlearm)

.debug_info     0x0000000000000000      0x89b
 .debug_info    0x0000000000000000      0x116 init.o
 .debug_info    0x0000000000000116      0x394 serial.o
 .debug_info    0x00000000000004aa       0xcb spi.o
 .debug_info    0x0000000000000575      0x1b4 main.o
 .debug_info    0x0000000000000729       0xb9 /usr/lib/gcc/arm-none-eabi/5.4.1/armv6-m/libgcc.a(_divsi3.o)
 .debug_info    0x00000000000007e2       0xb9 /usr/lib/gcc/arm-none-eabi/5.4.1/armv6-m/libgcc.a(_dvmd_tls.o)

.debug_abbrev   0x0000000000000000      0x3e5
 .debug_abbrev  0x0000000000000000       0xe8 init.o
 .debug_abbrev  0x00000000000000e8      0x155 serial.o
 .debug_abbrev  0x000000000000023d       0x7f spi.o
 .debug_abbrev  0x00000000000002bc      0x101 main.o
 .debug_abbrev  0x00000000000003bd       0x14 /usr/lib/gcc/arm-none-eabi/5.4.1/armv6-m/libgcc.a(_divsi3.o)
 .debug_abbrev  0x00000000000003d1       0x14 /usr/lib/gcc/arm-none-eabi/5.4.1/armv6-m/libgcc.a(_dvmd_tls.o)

.debug_aranges  0x0000000000000000       0xc0
 .debug_aranges
                0x0000000000000000       0x20 init.o
 .debug_aranges
                0x0000000000000020       0x20 serial.o
 .debug_aranges
                0x0000000000000040       0x20 spi.o
 .debug_aranges
                0x0000000000000060       0x20 main.o
 .debug_aranges
                0x0000000000000080       0x20 /usr/lib/gcc/arm-none-eabi/5.4.1/armv6-m/libgcc.a(_divsi3.o)
 .debug_aranges
                0x00000000000000a0       0x20 /usr/lib/gcc/arm-none-eabi/5.4.1/armv6-m/libgcc.a(_dvmd_tls.o)

.debug_line     0x0000000000000000      0x3eb
 .debug_line    0x0000000000000000       0x60 init.o
 .debug_line    0x0000000000000060      0x102 serial.o
 .debug_line    0x0000000000000162       0xa3 spi.o
 .debug_line    0x0000000000000205      0x117 main.o
 .debug_line    0x000000000000031c       0x71 /usr/lib/gcc/arm-none-eabi/5.4.1/armv6-m/libgcc.a(_divsi3.o)
 .debug_line    0x000000000000038d       0x5e /usr/lib/gcc/arm-none-eabi/5.4.1/armv6-m/libgcc.a(_dvmd_tls.o)

.debug_str      0x0000000000000000      0x2ff
 .debug_str     0x0000000000000000      0x129 init.o
                                        0x136 (size before relaxing)
 .debug_str     0x0000000000000129      0x10a serial.o
                                        0x1e8 (size before relaxing)
 .debug_str     0x0000000000000233       0x6e spi.o
                                        0x151 (size before relaxing)
 .debug_str     0x00000000000002a1       0x5e main.o
                                        0x1b6 (size before relaxing)

.comment        0x0000000000000000       0x2b
 .comment       0x0000000000000000       0x2b init.o
                                         0x2c (size before relaxing)
 .comment       0x000000000000002b       0x2c serial.o
 .comment       0x000000000000002b       0x2c spi.o
 .comment       0x000000000000002b       0x2c main.o

.ARM.attributes
                0x0000000000000000       0x31
 .ARM.attributes
                0x0000000000000000       0x31 init.o
 .ARM.attributes
                0x0000000000000031       0x31 serial.o
 .ARM.attributes
                0x0000000000000062       0x31 spi.o
 .ARM.attributes
                0x0000000000000093       0x31 main.o
 .ARM.attributes
                0x00000000000000c4       0x1e /usr/lib/gcc/arm-none-eabi/5.4.1/armv6-m/libgcc.a(_divsi3.o)
 .ARM.attributes
                0x00000000000000e2       0x1e /usr/lib/gcc/arm-none-eabi/5.4.1/armv6-m/libgcc.a(_dvmd_tls.o)

.debug_frame    0x0000000000000000      0x340
 .debug_frame   0x0000000000000000       0x68 init.o
 .debug_frame   0x0000000000000068      0x1c4 serial.o
 .debug_frame   0x000000000000022c       0x4c spi.o
 .debug_frame   0x0000000000000278       0xa8 main.o
 .debug_frame   0x0000000000000320       0x20 /usr/lib/gcc/arm-none-eabi/5.4.1/armv6-m/libgcc.a(_divsi3.o)

Cross Reference Table

Symbol                                            File
BSS_END                                           init.o
BSS_START                                         init.o
ComBusy                                           serial.o
ComError                                          serial.o
ComOpen                                           serial.o
ComRXBuffer                                       serial.o
ComTXBuffer                                       serial.o
Default_Handler                                   init.o
GetBuf                                            serial.o
GetBufCount                                       serial.o
HexDigit                                          serial.o
INIT_DATA_END                                     init.o
INIT_DATA_START                                   init.o
INIT_DATA_VALUES                                  init.o
PutBuf                                            serial.o
ReadCom                                           serial.o
Vectors                                           init.o
WriteCom                                          serial.o
__aeabi_idiv                                      /usr/lib/gcc/arm-none-eabi/5.4.1/armv6-m/libgcc.a(_divsi3.o)
                                                  serial.o
__aeabi_idiv0                                     /usr/lib/gcc/arm-none-eabi/5.4.1/armv6-m/libgcc.a(_dvmd_tls.o)
                                                  /usr/lib/gcc/arm-none-eabi/5.4.1/armv6-m/libgcc.a(_divsi3.o)
__aeabi_idivmod                                   /usr/lib/gcc/arm-none-eabi/5.4.1/armv6-m/libgcc.a(_divsi3.o)
__aeabi_ldiv0                                     /usr/lib/gcc/arm-none-eabi/5.4.1/armv6-m/libgcc.a(_dvmd_tls.o)
__divsi3                                          /usr/lib/gcc/arm-none-eabi/5.4.1/armv6-m/libgcc.a(_divsi3.o)
configPins                                        main.o
delay                                             main.o
egets                                             serial.o
eputs                                             serial.o
getRainbow                                        main.o
init                                              init.o
initClock                                         init.o
initSPI                                           spi.o
                                                  main.o
initUART                                          serial.o
                                                  main.o
isr_usart2                                        serial.o
                                                  init.o
main                                              main.o
                                                  init.o
printHex                                          serial.o
usart_rx                                          serial.o
usart_tx                                          serial.o
usart_tx_busy                                     serial.o
writeSPI                                          spi.o
                                                  main.o
writeWS2812B                                      main.o
